// Jest Snapshot v1, https://goo.gl/fbAQLP

exports[`Button renders everything correctly 1`] = `
<div
  className="buttonContainer"
>
  <button>
    Click me
  </button>
</div>
`;
