// Jest Snapshot v1, https://goo.gl/fbAQLP

exports[`Footer renders everything correctly 1`] = `
<div
  className="footerContainer"
>
  <div />
</div>
`;
